Execution #2. Output is: aaabccbcbedcfcdcdeffkmdhekhdmhdkmggghimhimhimnnn

Unsynchronized execution test failed!
Interval with unsynchronized threads cdef not found. None of the following intervals matched:
aaa
bccbcb
edcfcdcdeffk
mdhekhdmhdkmggg
himhimhim
nnn


Execution #6. Output is: aaabcbcbcedcfddfkmdhkeckfhmhecmddggghimhimhimnnn

Unsynchronized execution test failed!
Interval with unsynchronized threads cdef not found. None of the following intervals matched:
aaa
bcbcbc
edcfddfkmdhk
eckfhmhecmddggg
himhimhim
nnn


Execution #7. Output is: aaabcccbbecdfdefedfckmdhhcdhdkmgkgmghimhimhimnnn

Unsynchronized execution test failed!
Interval with unsynchronized threads cdef not found. None of the following intervals matched:
aaa
bcccbb
ecdfdefedfck
mdhhcdhdkmgkgmg
himhimhim
nnn


Execution #11. Output is: aaabccbbcedcffdefdeckdmhcmhmdkhkdggghimhimhimnnn

Unsynchronized execution test failed!
Interval with unsynchronized threads cdef not found. None of the following intervals matched:
aaa
bccbbc
edcffdefdeck
dmhcmhmdkhkdggg
himhimhim
nnn


Execution #14. Output is: aaabccbbcecdfdcefecdkmdhfhmdhkdkmggghimhimhimnnn

Unsynchronized execution test failed!
Interval with unsynchronized threads cdef not found. None of the following intervals matched:
aaa
bccbbc
ecdfdcefecdk
mdhfhmdhkdkmggg
himhimhim
nnn


Execution #15. Output is: aaabcbbccedcfcdcfedkmdhfkhmdemkhdggghimhimhimnnn

Unsynchronized execution test failed!
Interval with unsynchronized threads cdef not found. None of the following intervals matched:
aaa
bcbbcc
edcfcdcfedkm
dhfkhmdemkhdggg
himhimhim
nnn


Execution #16. Output is: aaabccbbcedcffdefcdckmdhhmkhmedkdggghimhimhimnnn

Unsynchronized execution test failed!
Interval with unsynchronized threads cdef not found. None of the following intervals matched:
aaa
bccbbc
edcffdefcdck
mdhhmkhmedkdggg
himhimhim
nnn


Execution #32. Output is: aaabcbcbcedcffefeddckmdhckmdhkhmdggghimhimhimnnn

Unsynchronized execution test failed!
Interval with unsynchronized threads cdef not found. None of the following intervals matched:
aaa
bcbcbc
edcffefeddck
mdhckmdhkhmdggg
himhimhim
nnn


Execution #33. Output is: aaabccbbcedcfdcdkmdhcfedmedkfkmghhgghimhimhimnnn

Unsynchronized execution test failed!
Interval with unsynchronized threads cdef not found. None of the following intervals matched:
aaa
bccbbc
edcfdcdkmdhc
fedmedkfkmghhgg
himhimhim
nnn


Execution #35. Output is: aaabcccbbedcfdcfcdefkmdhekmdkdhmhggghimhimhimnnn

Unsynchronized execution test failed!
Interval with unsynchronized threads cdef not found. None of the following intervals matched:
aaa
bcccbb
edcfdcfcdefk
mdhekmdkdhmhggg
himhimhim
nnn


Execution #36. Output is: aaabccbcbedcfefdefcdkmdhmkcmhdkhdggghimhimhimnnn

Unsynchronized execution test failed!
Interval with unsynchronized threads cdef not found. None of the following intervals matched:
aaa
bccbcb
edcfefdefcdk
mdhmkcmhdkhdggg
himhimhim
nnn


Execution #42. Output is: aaabccbcbedcfedcfdekmdhdfkchmhdkmggghimhimhimnnn

Unsynchronized execution test failed!
Interval with unsynchronized threads cdef not found. None of the following intervals matched:
aaa
bccbcb
edcfedcfdekm
dhdfkchmhdkmggg
himhimhim
nnn


Execution #43. Output is: aaabcccbbedcfdedfecfkmdhcmkdhkhmdggghimhimhimnnn

Unsynchronized execution test failed!
Interval with unsynchronized threads cdef not found. None of the following intervals matched:
aaa
bcccbb
edcfdedfecfk
mdhcmkdhkhmdggg
himhimhim
nnn


Execution #47. Output is: aaabcbbccedcfcefddcekdmhfdkhmhmdkggghimhimhimnnn

Unsynchronized execution test failed!
Interval with unsynchronized threads cdef not found. None of the following intervals matched:
aaa
bcbbcc
edcfcefddcek
dmhfdkhmhmdkggg
himhimhim
nnn


Execution #51. Output is: aaabcccbbedcfdffcdeckmdhekhmmdhkdggghimhimhimnnn

Unsynchronized execution test failed!
Interval with unsynchronized threads cdef not found. None of the following intervals matched:
aaa
bcccbb
edcfdffcdeck
mdhekhmmdhkdggg
himhimhim
nnn


Execution #52. Output is: aaabcccbbedcffdefecdkmdhcmdkhmkdhggghimhimhimnnn

Unsynchronized execution test failed!
Interval with unsynchronized threads cdef not found. None of the following intervals matched:
aaa
bcccbb
edcffdefecdk
mdhcmdkhmkdhggg
himhimhim
nnn


Execution #58. Output is: aaabcbcbcecdfddecfkmdhkfechhdmkdmggghimhimhimnnn

Unsynchronized execution test failed!
Interval with unsynchronized threads cdef not found. None of the following intervals matched:
aaa
bcbcbc
ecdfddecfkmd
hkfechhdmkdmggg
himhimhim
nnn


Execution #59. Output is: aaabcbcbcedcfdcedcekmdhkdfmhkdmfhggghimhimhimnnn

Unsynchronized execution test failed!
Interval with unsynchronized threads cdef not found. None of the following intervals matched:
aaa
bcbcbc
edcfdcedcekm
dhkdfmhkdmfhggg
himhimhim
nnn


Execution #63. Output is: aaabcbcbcedcfeedcdffkmdhchmkhdkmdggghimhimhimnnn

Unsynchronized execution test failed!
Interval with unsynchronized threads cdef not found. None of the following intervals matched:
aaa
bcbcbc
edcfeedcdffk
mdhchmkhdkmdggg
himhimhim
nnn


Execution #65. Output is: aaabcccbbedcfedfedkmdhfcmkcmdkhhdggghimhimhimnnn

Unsynchronized execution test failed!
Interval with unsynchronized threads cdef not found. None of the following intervals matched:
aaa
bcccbb
edcfedfedkmd
hfcmkcmdkhhdggg
himhimhim
nnn


Execution #68. Output is: aaabccbcbedcfedfecfdkmdhcmkmhkdhdggghimhimhimnnn

Unsynchronized execution test failed!
Interval with unsynchronized threads cdef not found. None of the following intervals matched:
aaa
bccbcb
edcfedfecfdk
mdhcmkmhkdhdggg
himhimhim
nnn


Execution #72. Output is: aaabccbcbecdfedfcdefkmdhckmdhkmhdggghimhimhimnnn

Unsynchronized execution test failed!
Interval with unsynchronized threads cdef not found. None of the following intervals matched:
aaa
bccbcb
ecdfedfcdefk
mdhckmdhkmhdggg
himhimhim
nnn


Execution #80. Output is: aaabcbbccedcfdeefcdfkmdhcdkkdhghmmgghimhimhimnnn

Unsynchronized execution test failed!
Interval with unsynchronized threads cdef not found. None of the following intervals matched:
aaa
bcbbcc
edcfdeefcdfk
mdhcdkkdhghmmgg
himhimhim
nnn


Execution #84. Output is: aaabcccbbecdffedfcdkmdhekcmdmdkhggghhimhimhimnnn

Unsynchronized execution test failed!
Interval with unsynchronized threads cdef not found. None of the following intervals matched:
aaa
bcccbb
ecdffedfcdkm
dhekcmdmdkhgggh
himhimhim
nnn


Execution #85. Output is: aaabcbcbcedcfdfdecfekdmhddchkkhmggmghimhimhimnnn

Unsynchronized execution test failed!
Interval with unsynchronized threads cdef not found. None of the following intervals matched:
aaa
bcbcbc
edcfdfdecfek
dmhddchkkhmggmg
himhimhim
nnn


Execution #87. Output is: aaabccbcbedcfdedfcekdmhfdmckhmkhdggghimhimhimnnn

Unsynchronized execution test failed!
Interval with unsynchronized threads cdef not found. None of the following intervals matched:
aaa
bccbcb
edcfdedfcekd
mhfdmckhmkhdggg
himhimhim
nnn


Execution #89. Output is: aaabccbbcecdfcdfcdfekdmhehkdmdmkhggghimhimhimnnn

Unsynchronized execution test failed!
Interval with unsynchronized threads cdef not found. None of the following intervals matched:
aaa
bccbbc
ecdfcdfcdfek
dmhehkdmdmkhggg
himhimhim
nnn


Execution #91. Output is: aaabcbcbcedcffdeecdkmdhcfhkdhmkdmggghimhimhimnnn

Unsynchronized execution test failed!
Interval with unsynchronized threads cdef not found. None of the following intervals matched:
aaa
bcbcbc
edcffdeecdkm
dhcfhkdhmkdmggg
himhimhim
nnn


Execution #98. Output is: aaabccbbcedcffdcdfekmdhcehmkdkhmdggghimhimhimnnn

Unsynchronized execution test failed!
Interval with unsynchronized threads cdef not found. None of the following intervals matched:
aaa
bccbbc
edcffdcdfekm
dhcehmkdkhmdggg
himhimhim
nnn


Execution #99. Output is: aaabccbcbedcfeddefkmdhcmhdfcmkhdkggghimhimhimnnn

Unsynchronized execution test failed!
Interval with unsynchronized threads cdef not found. None of the following intervals matched:
aaa
bccbcb
edcfeddefkmd
hcmhdfcmkhdkggg
himhimhim
nnn


